<?xml version="1.0" encoding="UTF-8"?>
<TestRun id="53b58f7d-44cd-440f-a83a-c257f7ae3bd0" name="George@GEORGE-PC 2013-02-27 13:56:05" runUser="George-PC\George" xmlns="http://microsoft.com/schemas/VisualStudio/TeamTest/2010">
  <TestSettings name="Local" id="b7f7b3f6-a22c-45c1-856b-22b886052c84">
    <Description>These are default test settings for a local test run.</Description>
    <Deployment enabled="false" runDeploymentRoot="George_GEORGE-PC 2013-02-27 13_56_05">
      <DeploymentItem filename="E:\Documents\Telerik-Software-Academy\OOP\OOPHomework\DefiningClassesPartII\2.GenericList\bin\Debug\2.GenericList.dll" />
      <DeploymentItem filename="E:\Documents\Telerik-Software-Academy\OOP\OOPHomework\DefiningClassesPartII\1.Points\bin\Debug\1.Points.dll" />
    </Deployment>
    <Execution>
      <TestTypeSpecific />
      <AgentRule name="Execution Agents">
      </AgentRule>
    </Execution>
  </TestSettings>
  <Times creation="2013-02-27T13:56:05.3237536+02:00" queuing="2013-02-27T13:56:05.4687619+02:00" start="2013-02-27T13:56:05.4777624+02:00" finish="2013-02-27T13:56:05.9617901+02:00" />
  <ResultSummary outcome="Warning">
    <Counters total="5" executed="5" passed="5" error="0" failed="0" timeout="0" aborted="0" inconclusive="0" passedButRunAborted="0" notRunnable="0" notExecuted="0" disconnected="0" warning="0" completed="0" inProgress="0" pending="0" />
    <RunInfos>
      <RunInfo computerName="GEORGE-PC" outcome="Warning" timestamp="2013-02-27T13:56:05.4687619+02:00">
        <Text>Deployment is currently disabled. The deployment item '2.GenericList.dll' on test '_2.GenericList.Tests.GenericListTest.ExpandListTest' was not deployed.</Text>
      </RunInfo>
    </RunInfos>
  </ResultSummary>
  <TestDefinitions>
    <UnitTest name="CalculateDistanceBetweenPointsTest" storage="e:\documents\telerik-software-academy\oop\oophomework\definingclassespartii\1.points.tests\bin\debug\1.points.tests.dll" id="456623d3-5b5f-0bf0-df6a-d5494b710165">
      <Execution id="5d5fd831-0a5b-4b7a-8978-5dde7c1fb8b7" />
      <TestMethod codeBase="E:/Documents/Telerik-Software-Academy/OOP/OOPHomework/DefiningClassesPartII/1.Points.Tests/bin/Debug/1.Points.Tests.DLL" adapterTypeName="Microsoft.VisualStudio.TestTools.TestTypes.Unit.UnitTestAdapter, Microsoft.VisualStudio.QualityTools.Tips.UnitTest.Adapter, Version=10.0.0.0, Culture=neutral, PublicKeyToken=b03f5f7f11d50a3a" className="_1.Points.Tests.PointOperationsTest, 1.Points.Tests, Version=1.0.0.0, Culture=neutral, PublicKeyToken=null" name="CalculateDistanceBetweenPointsTest" />
    </UnitTest>
    <UnitTest name="ExpandListTest" storage="e:\documents\telerik-software-academy\oop\oophomework\definingclassespartii\2.genericlist.tests\bin\debug\2.genericlist.tests.dll" id="82b84418-4094-54b6-cea3-3ed23068f3e1">
      <DeploymentItems>
        <DeploymentItem filename="2.GenericList.dll" />
      </DeploymentItems>
      <Execution id="1dc69ccd-6919-4b7f-b010-fb8c786f7fe4" />
      <TestMethod codeBase="E:/Documents/Telerik-Software-Academy/OOP/OOPHomework/DefiningClassesPartII/2.GenericList.Tests/bin/Debug/2.GenericList.Tests.DLL" adapterTypeName="Microsoft.VisualStudio.TestTools.TestTypes.Unit.UnitTestAdapter, Microsoft.VisualStudio.QualityTools.Tips.UnitTest.Adapter, Version=10.0.0.0, Culture=neutral, PublicKeyToken=b03f5f7f11d50a3a" className="_2.GenericList.Tests.GenericListTest, 2.GenericList.Tests, Version=1.0.0.0, Culture=neutral, PublicKeyToken=null" name="ExpandListTest" />
    </UnitTest>
    <UnitTest name="ClearTest" storage="e:\documents\telerik-software-academy\oop\oophomework\definingclassespartii\2.genericlist.tests\bin\debug\2.genericlist.tests.dll" id="b936e783-96b5-a4f0-d098-4fe1369b4f25">
      <Execution id="edcbb43a-a02d-4312-8dfd-73a47e8aadbd" />
      <TestMethod codeBase="E:/Documents/Telerik-Software-Academy/OOP/OOPHomework/DefiningClassesPartII/2.GenericList.Tests/bin/Debug/2.GenericList.Tests.DLL" adapterTypeName="Microsoft.VisualStudio.TestTools.TestTypes.Unit.UnitTestAdapter, Microsoft.VisualStudio.QualityTools.Tips.UnitTest.Adapter, Version=10.0.0.0, Culture=neutral, PublicKeyToken=b03f5f7f11d50a3a" className="_2.GenericList.Tests.GenericListTest, 2.GenericList.Tests, Version=1.0.0.0, Culture=neutral, PublicKeyToken=null" name="ClearTest" />
    </UnitTest>
    <UnitTest name="LoadPathTest" storage="e:\documents\telerik-software-academy\oop\oophomework\definingclassespartii\1.points.tests\bin\debug\1.points.tests.dll" id="a9cc6342-c50e-56fe-985d-21ce2ed294de">
      <Execution id="5a31d033-e133-43ef-a0b9-928fdfa60442" />
      <TestMethod codeBase="E:/Documents/Telerik-Software-Academy/OOP/OOPHomework/DefiningClassesPartII/1.Points.Tests/bin/Debug/1.Points.Tests.DLL" adapterTypeName="Microsoft.VisualStudio.TestTools.TestTypes.Unit.UnitTestAdapter, Microsoft.VisualStudio.QualityTools.Tips.UnitTest.Adapter, Version=10.0.0.0, Culture=neutral, PublicKeyToken=b03f5f7f11d50a3a" className="_1.Points.Tests.PathStorageTest, 1.Points.Tests, Version=1.0.0.0, Culture=neutral, PublicKeyToken=null" name="LoadPathTest" />
    </UnitTest>
    <UnitTest name="SavePathTest" storage="e:\documents\telerik-software-academy\oop\oophomework\definingclassespartii\1.points.tests\bin\debug\1.points.tests.dll" id="7ed68b98-6843-dbbc-3ebc-fe55dbca1315">
      <DeploymentItems>
        <DeploymentItem filename="1.Points.dll" />
      </DeploymentItems>
      <Execution id="3a395a83-e0ad-4415-9de4-12e291753de4" />
      <TestMethod codeBase="E:/Documents/Telerik-Software-Academy/OOP/OOPHomework/DefiningClassesPartII/1.Points.Tests/bin/Debug/1.Points.Tests.DLL" adapterTypeName="Microsoft.VisualStudio.TestTools.TestTypes.Unit.UnitTestAdapter, Microsoft.VisualStudio.QualityTools.Tips.UnitTest.Adapter, Version=10.0.0.0, Culture=neutral, PublicKeyToken=b03f5f7f11d50a3a" className="_1.Points.Tests.PathStorageTest, 1.Points.Tests, Version=1.0.0.0, Culture=neutral, PublicKeyToken=null" name="SavePathTest" />
    </UnitTest>
  </TestDefinitions>
  <TestLists>
    <TestList name="Results Not in a List" id="8c84fa94-04c1-424b-9868-57a2d4851a1d" />
    <TestList name="All Loaded Results" id="19431567-8539-422a-85d7-44ee4e166bda" />
  </TestLists>
  <TestEntries>
    <TestEntry testId="456623d3-5b5f-0bf0-df6a-d5494b710165" executionId="5d5fd831-0a5b-4b7a-8978-5dde7c1fb8b7" testListId="8c84fa94-04c1-424b-9868-57a2d4851a1d" />
    <TestEntry testId="7ed68b98-6843-dbbc-3ebc-fe55dbca1315" executionId="3a395a83-e0ad-4415-9de4-12e291753de4" testListId="8c84fa94-04c1-424b-9868-57a2d4851a1d" />
    <TestEntry testId="82b84418-4094-54b6-cea3-3ed23068f3e1" executionId="1dc69ccd-6919-4b7f-b010-fb8c786f7fe4" testListId="8c84fa94-04c1-424b-9868-57a2d4851a1d" />
    <TestEntry testId="a9cc6342-c50e-56fe-985d-21ce2ed294de" executionId="5a31d033-e133-43ef-a0b9-928fdfa60442" testListId="8c84fa94-04c1-424b-9868-57a2d4851a1d" />
    <TestEntry testId="b936e783-96b5-a4f0-d098-4fe1369b4f25" executionId="edcbb43a-a02d-4312-8dfd-73a47e8aadbd" testListId="8c84fa94-04c1-424b-9868-57a2d4851a1d" />
  </TestEntries>
  <Results>
    <UnitTestResult executionId="5d5fd831-0a5b-4b7a-8978-5dde7c1fb8b7" testId="456623d3-5b5f-0bf0-df6a-d5494b710165" testName="CalculateDistanceBetweenPointsTest" computerName="GEORGE-PC" duration="00:00:00.0159286" startTime="2013-02-27T13:56:05.5077641+02:00" endTime="2013-02-27T13:56:05.7077755+02:00" testType="13cdc9d9-ddb5-4fa4-a97d-d965ccfc6d4b" outcome="Passed" testListId="8c84fa94-04c1-424b-9868-57a2d4851a1d" relativeResultsDirectory="5d5fd831-0a5b-4b7a-8978-5dde7c1fb8b7">
    </UnitTestResult>
    <UnitTestResult executionId="3a395a83-e0ad-4415-9de4-12e291753de4" testId="7ed68b98-6843-dbbc-3ebc-fe55dbca1315" testName="SavePathTest" computerName="GEORGE-PC" duration="00:00:00.0178298" startTime="2013-02-27T13:56:05.7117758+02:00" endTime="2013-02-27T13:56:05.7337770+02:00" testType="13cdc9d9-ddb5-4fa4-a97d-d965ccfc6d4b" outcome="Passed" testListId="8c84fa94-04c1-424b-9868-57a2d4851a1d" relativeResultsDirectory="3a395a83-e0ad-4415-9de4-12e291753de4">
    </UnitTestResult>
    <UnitTestResult executionId="1dc69ccd-6919-4b7f-b010-fb8c786f7fe4" testId="82b84418-4094-54b6-cea3-3ed23068f3e1" testName="ExpandListTest" computerName="GEORGE-PC" duration="00:00:00.0162895" startTime="2013-02-27T13:56:05.7377772+02:00" endTime="2013-02-27T13:56:05.9197876+02:00" testType="13cdc9d9-ddb5-4fa4-a97d-d965ccfc6d4b" outcome="Passed" testListId="8c84fa94-04c1-424b-9868-57a2d4851a1d" relativeResultsDirectory="1dc69ccd-6919-4b7f-b010-fb8c786f7fe4">
    </UnitTestResult>
    <UnitTestResult executionId="5a31d033-e133-43ef-a0b9-928fdfa60442" testId="a9cc6342-c50e-56fe-985d-21ce2ed294de" testName="LoadPathTest" computerName="GEORGE-PC" duration="00:00:00.0064699" startTime="2013-02-27T13:56:05.9237879+02:00" endTime="2013-02-27T13:56:05.9317883+02:00" testType="13cdc9d9-ddb5-4fa4-a97d-d965ccfc6d4b" outcome="Passed" testListId="8c84fa94-04c1-424b-9868-57a2d4851a1d" relativeResultsDirectory="5a31d033-e133-43ef-a0b9-928fdfa60442">
    </UnitTestResult>
    <UnitTestResult executionId="edcbb43a-a02d-4312-8dfd-73a47e8aadbd" testId="b936e783-96b5-a4f0-d098-4fe1369b4f25" testName="ClearTest" computerName="GEORGE-PC" duration="00:00:00.0004909" startTime="2013-02-27T13:56:05.9327884+02:00" endTime="2013-02-27T13:56:05.9377887+02:00" testType="13cdc9d9-ddb5-4fa4-a97d-d965ccfc6d4b" outcome="Passed" testListId="8c84fa94-04c1-424b-9868-57a2d4851a1d" relativeResultsDirectory="edcbb43a-a02d-4312-8dfd-73a47e8aadbd">
    </UnitTestResult>
  </Results>
</TestRun>